// Jest Snapshot v1, https://goo.gl/fbAQLP

exports[`ShoppingList renders correctly 1`] = `
<div>
  <div
    class="shopping-list"
  >
    <header>
      <button
        aria-label="back"
        class="back"
        type="button"
      >
        <svg>
          arrow-left.svg
        </svg>
      </button>
      <h1>
        Summary
      </h1>
    </header>
    <main>
      <div
        class="scroll"
      >
        <div
          class="box"
        >
          <div>
            <h2>
              Trauma Chest Drain - Box 2
            </h2>
            <div
              class="checker"
            >
              Checked by Bob on Thu 23/6/2022 at 10:18
            </div>
          </div>
          <div
            class="items"
          >
            <div
              class="item"
            >
              1 x Sterile gloves (Medium)
            </div>
            <div
              class="item"
            >
              1 x ChloraPrep applicator
            </div>
            <div
              class="item"
            >
              2 x Lidocaine 1% (5ml / 50mg)
            </div>
            <div
              class="item"
            >
              1 x Chest drain bottle
            </div>
          </div>
        </div>
      </div>
    </main>
  </div>
</div>
`;
