// Jest Snapshot v1, https://goo.gl/fbAQLP

exports[`Summary renders correctly 1`] = `
<div>
  <div
    class="summary-list"
  >
    <header>
      <h1>
        Summary
      </h1>
    </header>
    <main>
      <div
        class="scroll"
      >
        <div
          class="container"
        >
          <div>
            <h2>
              Trauma Chest Drain - BoxÂ 2
            </h2>
            <div
              class="checker"
            >
              Checked by Bob on Thu 23/6/2022 at 10:18
            </div>
          </div>
          <div
            class="items"
          >
            <div
              class="item"
            >
              1 x Sterile gloves (Medium)
            </div>
            <div
              class="item"
            >
              1 x ChloraPrep applicator
            </div>
            <div
              class="item"
            >
              2 x Lidocaine 1% (5ml / 50mg)
            </div>
            <div
              class="item"
            >
              1 x Chest drain bottle
            </div>
          </div>
        </div>
      </div>
    </main>
    <footer>
      <nav>
        <a
          aria-label="directory"
          class="navicon"
          href="/"
        >
          <svg>
            home.svg
          </svg>
          <div>
            Directory
          </div>
        </a>
        <a
          aria-current="page"
          aria-label="summary"
          class="navicon active"
          href="/summary"
        >
          <svg>
            checklist.svg
          </svg>
          <div>
            Summary
          </div>
        </a>
        <div
          aria-label="log out"
          class="navicon"
          id="auth-signout"
        >
          <svg>
            logout.svg
          </svg>
          <div>
            Log Out
          </div>
        </div>
      </nav>
    </footer>
  </div>
</div>
`;
